2026-08-17 05:54:07 no scored card
refreshed: 10 live / 41 upcoming / 1 finished | card 0/1 (0%) | bets 0W-0L $+0.00
stats built: 89 matchups, 0 unresolved sides -> /Users/jermainecollier/player_stats_2026-08-17.json
fatal: 'origin' does not appear to be a git repository
fatal: Could not read from remote repository.

Please make sure you have the correct access rights
and the repository exists.
2026-08-17 06:16:19 PUSH FAILED (auth?)
2026-08-17 06:18:05 no scored card
2026-08-17 06:19:37 no scored card
06:20:25 dl-read DENIED
2026-08-17 06:20:25 no scored card
06:25:18 dl-read DENIED
2026-08-17 06:25:18 no scored card
06:25:23 dl-read DENIED
2026-08-17 06:25:23 no scored card
06:27:46 dl-read DENIED
2026-08-17 06:27:46 no scored card
06:29:39 dl-read DENIED
2026-08-17 06:29:39 no scored card
06:59:39 dl-read DENIED
2026-08-17 06:59:39 no scored card
